// Jest Snapshot v1, https://goo.gl/fbAQLP

exports[`AxiosTest.vue snapshot test 1`] = `
<div class="example axios">
  <h2 class="example_title">Axios Test</h2>
  <app-button-stub size="lg">Get Data</app-button-stub>
</div>
`;
